components/layout/ChatAssistant/ChatAssistant.tsx(127,11): error TS2741: Property '"08-architecture"' is missing in type '{ '01-introduction': { label: string; query: string; }[]; '02-learner': { label: string; query: string; }[]; '03-builder': { label: string; query: string; }[]; '04-journey': { label: string; query: string; }[]; '05-explorer': { ...; }[]; '06-thinker': { ...; }[]; '07-connection': { ...; }[]; }' but required in type 'Record<ChapterId, { label: string; query: string; }[]>'.
config/seo.ts(48,14): error TS2741: Property '"08-architecture"' is missing in type '{ '01-introduction': { title: string; description: string; keywords: string[]; ogImage: string; }; '02-learner': { title: string; description: string; keywords: string[]; ogImage: string; }; '03-builder': { title: string; description: string; keywords: string[]; ogImage: string; }; '04-journey': { ...; }; '05-explor...' but required in type 'Record<ChapterId, ChapterSEO>'.
data/chapterContent.ts(14,14): error TS2741: Property '"08-architecture"' is missing in type '{ '01-introduction': { sections: string[]; theme: string; contextPrompt: string; }; '02-learner': { sections: string[]; theme: string; contextPrompt: string; }; '03-builder': { sections: string[]; theme: string; contextPrompt: string; }; '04-journey': { ...; }; '05-explorer': { ...; }; '06-thinker': { ...; }; '07-co...' but required in type 'Record<ChapterId, ChapterContentMap>'.
